// Vitest Snapshot v1, https://vitest.dev/guide/snapshot.html

exports[`PERSONA_WEIGHTS table > §5 sign-off — every row matches the locked table > persona-weights-locked-v1 1`] = `
{
  "P1": {
    "affordability": 0.4,
    "importance": 0.2,
    "riskFit": 0.2,
    "urgency": 0.2,
  },
  "P2": {
    "affordability": 0.25,
    "importance": 0.4,
    "riskFit": 0.15,
    "urgency": 0.2,
  },
  "P3": {
    "affordability": 0.4,
    "importance": 0.2,
    "riskFit": 0.25,
    "urgency": 0.15,
  },
  "P4": {
    "affordability": 0.2,
    "importance": 0.4,
    "riskFit": 0.15,
    "urgency": 0.25,
  },
  "P5": {
    "affordability": 0.25,
    "importance": 0.25,
    "riskFit": 0.25,
    "urgency": 0.25,
  },
  "P6": {
    "affordability": 0.2,
    "importance": 0.3,
    "riskFit": 0.15,
    "urgency": 0.35,
  },
  "P7": {
    "affordability": 0.25,
    "importance": 0.35,
    "riskFit": 0.3,
    "urgency": 0.1,
  },
  "P8": {
    "affordability": 0.4,
    "importance": 0.2,
    "riskFit": 0.25,
    "urgency": 0.15,
  },
  "P9": {
    "affordability": 0.15,
    "importance": 0.3,
    "riskFit": 0.3,
    "urgency": 0.25,
  },
  "default": {
    "affordability": 0.25,
    "importance": 0.25,
    "riskFit": 0.25,
    "urgency": 0.25,
  },
}
`;
